ParameterKey=QSS3BucketName,ParameterValue=aws-quickstart-assignguard
ParameterKey=KeyPairName,ParameterValue=aagnone
ParameterKey=RemoteAccessCIDR,ParameterValue=172.31.0.0/16
ParameterKey=EKSPublicAccessEndpoint,ParameterValue=Enabled
ParameterKey=NodeInstanceType,ParameterValue=t3.medium
ParameterKey=NumberOfNodes,ParameterValue=2
ParameterKey=VPCID,ParameterValue=vpc-7b14ba06
ParameterKey=PublicSubnet1ID,ParameterValue=subnet-25e77a43
ParameterKey=PublicSubnet2ID,ParameterValue=subnet-a462fa85
ParameterKey=PublicSubnet3ID,ParameterValue=subnet-5247105c
ParameterKey=PrivateSubnet1ID,ParameterValue=subnet-07b988bb5d8c9cffd
ParameterKey=PrivateSubnet2ID,ParameterValue=subnet-0413c2c2a3d286029
ParameterKey=PrivateSubnet3ID,ParameterValue=subnet-06047d5a3efe25093
ParameterKey=ClusterAutoScaler,ParameterValue=Enabled
ParameterKey=ProvisionBastionHost,ParameterValue=Enabled
ParameterKey=ALBIngressController,ParameterValue=Enabled
ParameterKey=EKSClusterName,ParameterValue=ag-eks
ParameterKey=PerRegionSharedResources,ParameterValue=Yes
ParameterKey=PerAccountSharedResources,ParameterValue=Yes
